// Jest Snapshot v1, https://goo.gl/fbAQLP

exports[`App Component Should match screenShot 1`] = `
<Fragment>
  <Memo(GlobalStyleComponent) />
  <Header />
  <withI18nextTranslation(LangTable) />
</Fragment>
`;
